<?xml version="1.0" encoding="UTF-8"?>
<testsuites name="lib-scp-commons" tests="0" failures="0" errors="0" time="3.651">
</testsuites>